create database employee;
ERROR 1007 (HY000): Can't create database 'employee'; database exists
mysql> use employee;
Database changed
mysql> create table employee(sno int primary key,name varchar(10),designation varchar(10),branch varchar(10));
Query OK, 0 rows affected (0.13 sec)

mysql> select * from employee;
Empty set (0.07 sec)

mysql> desc employee;
+-------------+-------------+------+-----+---------+-------+
| Field       | Type        | Null | Key | Default | Extra |
+-------------+-------------+------+-----+---------+-------+
| sno         | int         | NO   | PRI | NULL    |       |
| name        | varchar(10) | YES  |     | NULL    |       |
| designation | varchar(10) | YES  |     | NULL    |       |
| branch      | varchar(10) | YES  |     | NULL    |       |
+-------------+-------------+------+-----+---------+-------+
4 rows in set (0.10 sec)

mysql> insert into employee(sno,name,designation,branch) values(1,'suresh','manager','chennai'),(2,'ramesh','supervisor','madurai'),(3,'hari','assis
tant','trichy');
Query OK, 3 rows affected (0.01 sec)
Records: 3  Duplicates: 0  Warnings: 0

mysql> select * from employee;
+-----+--------+-------------+---------+
| sno | name   | designation | branch  |
+-----+--------+-------------+---------+
|   1 | suresh | manager     | chennai |
|   2 | ramesh | supervisor  | madurai |
|   3 | hari   | assistant   | trichy  |
+-----+--------+-------------+---------+
3 rows in set (0.00 sec)

mysql> alter table employee
    -> add salary int;
Query OK, 0 rows affected (0.19 sec)
Records: 0  Duplicates: 0  Warnings: 0

mysql> select * from employee;
+-----+--------+-------------+---------+--------+
| sno | name   | designation | branch  | salary |
+-----+--------+-------------+---------+--------+
|   1 | suresh | manager     | chennai |   NULL |
|   2 | ramesh | supervisor  | madurai |   NULL |
|   3 | hari   | assistant   | trichy  |   NULL |
+-----+--------+-------------+---------+--------+
3 rows in set (0.00 sec)

mysql> desc employee;
+-------------+-------------+------+-----+---------+-------+
| Field       | Type        | Null | Key | Default | Extra |
+-------------+-------------+------+-----+---------+-------+
| sno         | int         | NO   | PRI | NULL    |       |
| name        | varchar(10) | YES  |     | NULL    |       |
| designation | varchar(10) | YES  |     | NULL    |       |
| branch      | varchar(10) | YES  |     | NULL    |       |
| salary      | int         | YES  |     | NULL    |       |
+-------------+-------------+------+-----+---------+-------+
5 rows in set (0.01 sec)

mysql> alter table employee
    -> rename to emp;
Query OK, 0 rows affected (0.08 sec)

mysql> select * from employee;
ERROR 1146 (42S02): Table 'employee.employee' doesn't exist
mysql> show tables;
+--------------------+
| Tables_in_employee |
+--------------------+
| emp                |
+--------------------+
1 row in set (0.06 sec)

mysql> delete from employee
    -> where sno=2;
ERROR 1146 (42S02): Table 'employee.employee' doesn't exist
mysql> select * from employee;
ERROR 1146 (42S02): Table 'employee.employee' doesn't exist
mysql> show tables;
+--------------------+
| Tables_in_employee |
+--------------------+
| emp                |
+--------------------+
1 row in set (0.01 sec)

mysql> select * from emp;
+-----+--------+-------------+---------+--------+
| sno | name   | designation | branch  | salary |
+-----+--------+-------------+---------+--------+
|   1 | suresh | manager     | chennai |   NULL |
|   2 | ramesh | supervisor  | madurai |   NULL |
|   3 | hari   | assistant   | trichy  |   NULL |
+-----+--------+-------------+---------+--------+
3 rows in set (0.02 sec)

mysql> delete from employee
    -> ;
ERROR 1146 (42S02): Table 'employee.employee' doesn't exist
mysql> delete from emp
    -> where sno=2;
Query OK, 1 row affected (0.01 sec)

mysql> select * from emp;
+-----+--------+-------------+---------+--------+
| sno | name   | designation | branch  | salary |
+-----+--------+-------------+---------+--------+
|   1 | suresh | manager     | chennai |   NULL |
|   3 | hari   | assistant   | trichy  |   NULL |
+-----+--------+-------------+---------+--------+
2 rows in set (0.00 sec)

mysql> drop table emp;
Query OK, 0 rows affected (0.08 sec)
