mysql> create database workers;
ERROR 1007 (HY000): Can't create database 'workers'; database exists
mysql> use workers;
Database changed
mysql> create table workers(sno int,name varchar(10),designation varchar(10),branch varchar(10));
mysql> desc workers;
+-------------+-------------+------+-----+---------+-------+
| Field       | Type        | Null | Key | Default | Extra |
+-------------+-------------+------+-----+---------+-------+
| sno         | int         | YES  |     | NULL    |       |
| name        | varchar(10) | YES  |     | NULL    |       |
| designation | varchar(10) | YES  |     | NULL    |       |
| branch      | varchar(10) | YES  |     | NULL    |       |
+-------------+-------------+------+-----+---------+-------+
4 rows in set (0.00 sec)

mysql> insert into workers(sno,name,designation,branch) values (1,'kannan','manager','chennai'),(2,'mahesh','supervisor','madurai'),(3,'maruthi','assistant','trichy');
Query OK, 3 rows affected (0.01 sec)
Records: 3  Duplicates: 0  Warnings: 0

mysql> select *from workers;
+------+---------+-------------+---------+
| sno  | name    | designation | branch  |
+------+---------+-------------+---------+
|    1 | kannan  | manager     | chennai |
|    2 | mahesh  | supervisor  | madurai |
|    3 | maruthi | assistant   | trichy  |
+------+---------+-------------+---------+
3 rows in set (0.00 sec)

mysql> alter table workers add salary int;
Query OK, 0 rows affected (0.01 sec)
Records: 0  Duplicates: 0  Warnings: 0

mysql> select *from workers;
+------+---------+-------------+---------+--------+
| sno  | name    | designation | branch  | salary |
+------+---------+-------------+---------+--------+
|    1 | kannan  | manager     | chennai |   NULL |
|    2 | mahesh  | supervisor  | madurai |   NULL |
|    3 | maruthi | assistant   | trichy  |   NULL |
+------+---------+-------------+---------+--------+
3 rows in set (0.00 sec)

mysql> alter table workers modify name varchar(100);
Query OK, 3 rows affected (0.06 sec)
Records: 3  Duplicates: 0  Warnings: 0

mysql> select *from workers;
+------+---------+-------------+---------+--------+
| sno  | name    | designation | branch  | salary |
+------+---------+-------------+---------+--------+
|    1 | kannan  | manager     | chennai |   NULL |
|    2 | mahesh  | supervisor  | madurai |   NULL |
|    3 | maruthi | assistant   | trichy  |   NULL |
+------+---------+-------------+---------+--------+
3 rows in set (0.00 sec)

mysql> desc workers;
+-------------+--------------+------+-----+---------+-------+
| Field       | Type         | Null | Key | Default | Extra |
+-------------+--------------+------+-----+---------+-------+
| sno         | int          | YES  |     | NULL    |       |
| name        | varchar(100) | YES  |     | NULL    |       |
| designation | varchar(10)  | YES  |     | NULL    |       |
| branch      | varchar(10)  | YES  |     | NULL    |       |
| salary      | int          | YES  |     | NULL    |       |
+-------------+--------------+------+-----+---------+-------+
5 rows in set (0.00 sec)

mysql> alter table workers rename to emp;
Query OK, 0 rows affected (0.01 sec)
mysql> show tables;
+-------------------+
| Tables_in_workers |
+-------------------+
| emp               |
+-------------------+
1 row in set (0.00 sec)

mysql> delete from emp where sno=2;
Query OK, 1 row affected (0.01 sec)

mysql> select *from emp;
+------+---------+-------------+---------+--------+
| sno  | name    | designation | branch  | salary |
+------+---------+-------------+---------+--------+
|    1 | kannan  | manager     | chennai |   NULL |
|    3 | maruthi | assistant   | trichy  |   NULL |
+------+---------+-------------+---------+--------+
2 rows in set (0.00 sec)

mysql> drop emp;
ERROR 1064 (42000): You have an error in your SQL syntax; check the manual that corresponds to your MySQL server version for the right syntax to use near 'emp' at line 1
mysql> drop table emp;
Query OK, 0 rows affected (0.01 sec)
